[[] ERROR ] Error in file '*[/\]empty_testcase_and_uk.robot' on line 42: Creating keyword '' failed: User keyword name cannot be empty.
[[] WARN ] Error in file '*[/\]empty_testcase_and_uk.robot' on line 60: The '[[]Return]' setting is deprecated. Use the 'RETURN' statement instead.
[[] WARN ] Error in file '*[/\]empty_testcase_and_uk.robot' on line 63: The '[[]Return]' setting is deprecated. Use the 'RETURN' statement instead.
